<html>
<body>
<pre>
<h1>킮ision Build Log</h1>
<h2>Tool Versions:</h2>
IDE-Version: μVision V5.37.0.0
Copyright (C) 2022 ARM Ltd and ARM Germany GmbH. All rights reserved.
License Information: JH S, watlogic, LIC=----
 
Tool Versions:
Toolchain:       MDK-Lite  Version: 5.37.0.0
Toolchain Path:  C:\Keil_v5\ARM\ARMCLANG\Bin
C Compiler:      ArmClang.exe V6.18
Assembler:       Armasm.exe V6.18
Linker/Locator:  ArmLink.exe V6.18
Library Manager: ArmAr.exe V6.18
Hex Converter:   FromElf.exe V6.18
CPU DLL:         SARMCM3.DLL V5.37.0.0
Dialog DLL:      DARMCM1.DLL V1.19.6.0
Target DLL:      CMSIS_AGDI.dll V1.33.12.0
Dialog DLL:      TARMCM1.DLL V1.14.6.0
 
<h2>Project:</h2>
D:\project\개인프로젝트_시계만들기\1_Source\ExampleCode_A31G12x_220822\Examples\TIMER1n\TIMER1n_MatchInterrupt\KEIL\TIMER1n_MatchInterrupt.uvprojx
Project File Date:  08/18/2022

<h2>Output:</h2>
*** Using Compiler 'V6.18', folder: 'C:\Keil_v5\ARM\ARMCLANG\Bin'
Rebuild target 'Target 1'
compiling timer.c...
compiling fnd.c...
compiling system_A31G12x.c...
compiling A31G12x_it.c...
compiling A31G12x_SystemClock.c...
compiling key.c...
compiling A31G12x_PortInit.c...
assembling startup_A31G12x.s...
compiling main.c...
assembling option_A31G12x.s...
compiling A31G12x_hal_intc.c...
compiling A31G12x_hal_pcu.c...
compiling A31G12x_hal_timer1n.c...
compiling A31G12x_hal_uartn.c...
compiling A31G12x_hal_scu.c...
compiling A31G12x_hal_debug_frmwrk.c...
linking...
Program Size: Code=8564 RO-data=504 RW-data=32 ZI-data=1008  
FromELF: creating hex file...
".\Objects\TIMER1n_MatchInterrupt.axf" - 0 Error(s), 0 Warning(s).

<h2>Software Packages used:</h2>

Package Vendor: ARM
                http://www.keil.com/pack/ARM.CMSIS.5.9.0.pack
                ARM.CMSIS.5.9.0
                CMSIS (Common Microcontroller Software Interface Standard)
   * Component: CORE Version: 5.6.0

<h2>Collection of Component include folders:</h2>
  ./RTE/_Target_1
  C:/Users/watlogic22/AppData/Local/Arm/Packs/ARM/CMSIS/5.9.0/CMSIS/Core/Include
  C:/Users/watlogic22/AppData/Local/Arm/Packs/ARM/CMSIS/5.9.0/Device/ARM/ARMCM0plus/Include

<h2>Collection of Component Files used:</h2>

   * Component: ARM::CMSIS:CORE:5.6.0
Build Time Elapsed:  00:00:01
</pre>
</body>
</html>
